[themewagon.github.io/majestic-2/v1.0.0/index.html]
[backblue.gif]
[fade.gif]
[index.html]
[themewagon.github.io/majestic-2/v1.0.0/assets/img/favicons/apple-touch-icon.png]
[themewagon.github.io/majestic-2/v1.0.0/assets/img/favicons/favicon-32x32.png]
[themewagon.github.io/majestic-2/v1.0.0/assets/img/favicons/favicon-16x16.png]
[themewagon.github.io/majestic-2/v1.0.0/assets/img/favicons/favicon.ico]
[themewagon.github.io/majestic-2/v1.0.0/assets/img/favicons/manifest.json]
[themewagon.github.io/majestic-2/v1.0.0/assets/img/favicons/mstile-150x150.png]
[themewagon.github.io/majestic-2/v1.0.0/assets/css/theme.min.css]
[themewagon.github.io/majestic-2/v1.0.0/index-2.html]
[themewagon.github.io/majestic-2/v1.0.0/assets/img/gallery/logo.png]
[themewagon.github.io/majestic-2/v1.0.0/assets/img/gallery/header-bg.png]
[themewagon.github.io/majestic-2/v1.0.0/assets/img/gallery/her.png]
[themewagon.github.io/majestic-2/v1.0.0/assets/img/gallery/him.png]
[themewagon.github.io/majestic-2/v1.0.0/assets/img/gallery/flat-hill.png]
[themewagon.github.io/majestic-2/v1.0.0/assets/img/gallery/blue-ring.png]
[themewagon.github.io/majestic-2/v1.0.0/assets/img/gallery/wallet.png]
[themewagon.github.io/majestic-2/v1.0.0/assets/img/gallery/wrist-watch.png]
[themewagon.github.io/majestic-2/v1.0.0/assets/img/gallery/outfit.png]
[themewagon.github.io/majestic-2/v1.0.0/assets/img/gallery/vanity-bag.png]
[themewagon.github.io/majestic-2/v1.0.0/assets/img/gallery/hat.png]
[themewagon.github.io/majestic-2/v1.0.0/assets/img/gallery/high-heels.png]
[themewagon.github.io/majestic-2/v1.0.0/assets/img/gallery/full-body.png]
[themewagon.github.io/majestic-2/v1.0.0/assets/img/gallery/formal-coat.png]
[themewagon.github.io/majestic-2/v1.0.0/assets/img/gallery/ocean-blue.png]
[themewagon.github.io/majestic-2/v1.0.0/assets/img/gallery/sweater.png]
[themewagon.github.io/majestic-2/v1.0.0/assets/img/gallery/shirt-1.png]
[themewagon.github.io/majestic-2/v1.0.0/assets/img/gallery/shirt-2.png]
[themewagon.github.io/majestic-2/v1.0.0/assets/img/gallery/shirt-3.png]
[themewagon.github.io/majestic-2/v1.0.0/assets/img/gallery/shirt-4.png]
[themewagon.github.io/majestic-2/v1.0.0/assets/img/gallery/red-tshirt.png]
[themewagon.github.io/majestic-2/v1.0.0/assets/img/gallery/pink-tshirt.png]
[themewagon.github.io/majestic-2/v1.0.0/assets/img/gallery/orange-tshirt.png]
[themewagon.github.io/majestic-2/v1.0.0/assets/img/gallery/purple-tshirt.png]
[themewagon.github.io/majestic-2/v1.0.0/assets/img/gallery/shoe-1.png]
[themewagon.github.io/majestic-2/v1.0.0/assets/img/gallery/shoe-2.png]
[themewagon.github.io/majestic-2/v1.0.0/assets/img/gallery/shoe-3.png]
[themewagon.github.io/majestic-2/v1.0.0/assets/img/gallery/shoe-4.png]
[themewagon.github.io/majestic-2/v1.0.0/assets/img/gallery/watch-1.png]
[themewagon.github.io/majestic-2/v1.0.0/assets/img/gallery/watch-2.png]
[themewagon.github.io/majestic-2/v1.0.0/assets/img/gallery/watch-3.png]
[themewagon.github.io/majestic-2/v1.0.0/assets/img/gallery/watch-4.png]
[themewagon.github.io/majestic-2/v1.0.0/assets/img/gallery/sunglass-1.png]
[themewagon.github.io/majestic-2/v1.0.0/assets/img/gallery/sunglass-2.png]
[themewagon.github.io/majestic-2/v1.0.0/assets/img/gallery/sunglass-3.png]
[themewagon.github.io/majestic-2/v1.0.0/assets/img/gallery/sunglass-4.png]
[themewagon.github.io/majestic-2/v1.0.0/assets/img/gallery/watch-5.png]
[themewagon.github.io/majestic-2/v1.0.0/assets/img/gallery/watch-6.png]
[themewagon.github.io/majestic-2/v1.0.0/assets/img/gallery/watch-7.png]
[themewagon.github.io/majestic-2/v1.0.0/assets/img/gallery/watch-8.png]
[themewagon.github.io/majestic-2/v1.0.0/assets/img/gallery/bagpacks-1.png]
[themewagon.github.io/majestic-2/v1.0.0/assets/img/gallery/bagpacks-2.png]
[themewagon.github.io/majestic-2/v1.0.0/assets/img/gallery/bagpacks-3.png]
[themewagon.github.io/majestic-2/v1.0.0/assets/img/gallery/bagpacks-4.png]
[themewagon.github.io/majestic-2/v1.0.0/assets/img/gallery/white-tshirt.png]
[themewagon.github.io/majestic-2/v1.0.0/assets/img/gallery/sky-tshirt.png]
[themewagon.github.io/majestic-2/v1.0.0/assets/img/gallery/yellow-tshirt.png]
[themewagon.github.io/majestic-2/v1.0.0/assets/img/gallery/black-tshirt.png]
[themewagon.github.io/majestic-2/v1.0.0/assets/img/gallery/shirt-5.png]
[themewagon.github.io/majestic-2/v1.0.0/assets/img/gallery/shirt-6.png]
[themewagon.github.io/majestic-2/v1.0.0/assets/img/gallery/shirt-7.png]
[themewagon.github.io/majestic-2/v1.0.0/assets/img/gallery/shirt-8.png]
[themewagon.github.io/majestic-2/v1.0.0/assets/img/gallery/shoe-5.png]
[themewagon.github.io/majestic-2/v1.0.0/assets/img/gallery/shoe-6.png]
[themewagon.github.io/majestic-2/v1.0.0/assets/img/gallery/shoe-7.png]
[themewagon.github.io/majestic-2/v1.0.0/assets/img/gallery/shoe-8.png]
[themewagon.github.io/majestic-2/v1.0.0/assets/img/gallery/sunglass-5.png]
[themewagon.github.io/majestic-2/v1.0.0/assets/img/gallery/sunglass-6.png]
[themewagon.github.io/majestic-2/v1.0.0/assets/img/gallery/sunglass-7.png]
[themewagon.github.io/majestic-2/v1.0.0/assets/img/gallery/sunglass-8.png]
[themewagon.github.io/majestic-2/v1.0.0/assets/img/gallery/bagpacks-5.png]
[themewagon.github.io/majestic-2/v1.0.0/assets/img/gallery/bagpacks-6.png]
[themewagon.github.io/majestic-2/v1.0.0/assets/img/gallery/bagpacks-7.png]
[themewagon.github.io/majestic-2/v1.0.0/assets/img/gallery/bagpacks-8.png]
[themewagon.github.io/majestic-2/v1.0.0/assets/img/gallery/urban.png]
[themewagon.github.io/majestic-2/v1.0.0/assets/img/gallery/country.png]
[themewagon.github.io/majestic-2/v1.0.0/assets/img/gallery/handbag.png]
[themewagon.github.io/majestic-2/v1.0.0/assets/img/gallery/earrings.png]
[themewagon.github.io/majestic-2/v1.0.0/assets/img/gallery/lathered-wristwatch.png]
[themewagon.github.io/majestic-2/v1.0.0/assets/img/gallery/tie.png]
[themewagon.github.io/majestic-2/v1.0.0/assets/img/gallery/summer.png]
[themewagon.github.io/majestic-2/v1.0.0/assets/img/gallery/sunglasses.png]
[themewagon.github.io/majestic-2/v1.0.0/assets/img/gallery/footwear.png]
[themewagon.github.io/majestic-2/v1.0.0/assets/img/gallery/hat-black-border.png]
[themewagon.github.io/majestic-2/v1.0.0/assets/img/gallery/watches.png]
[themewagon.github.io/majestic-2/v1.0.0/assets/img/gallery/sharp-dress.png]
[themewagon.github.io/majestic-2/v1.0.0/assets/img/gallery/shoes-blog-1.png]
[themewagon.github.io/majestic-2/v1.0.0/assets/img/gallery/author-1.png]
[themewagon.github.io/majestic-2/v1.0.0/assets/img/gallery/fashion-blog-2.png]
[themewagon.github.io/majestic-2/v1.0.0/assets/img/gallery/author-2.png]
[themewagon.github.io/majestic-2/v1.0.0/assets/img/gallery/spring-dress-blog-3.png]
[themewagon.github.io/majestic-2/v1.0.0/assets/img/gallery/author-3.png]
[themewagon.github.io/majestic-2/v1.0.0/assets/img/gallery/cta.png]
[themewagon.github.io/majestic-2/v1.0.0/vendors/@popperjs/popper.min.js]
[themewagon.github.io/majestic-2/v1.0.0/vendors/bootstrap/bootstrap.min.js]
[themewagon.github.io/majestic-2/v1.0.0/vendors/is/is.min.js]
[themewagon.github.io/majestic-2/v1.0.0/vendors/feather-icons/feather.min.js]
[themewagon.github.io/majestic-2/v1.0.0/assets/js/theme.js]
[themewagon.github.io/majestic-2/v1.0.0/index.html]
[themewagon.github.io/majestic-2/v1.0.0/assets/css/theme.min.css]
[themewagon.github.io/majestic-2/v1.0.0/index-2.html]
[polyfill.io/v3/polyfill.min58be.js]
